Command line invocation:
    /Applications/Xcode.app/Contents/Developer/usr/bin/xcodebuild -project ProjektApple2/MindAnchor/MindAnchor.xcodeproj -target MindAnchor -sdk iphonesimulator -configuration Debug build

Build settings from command line:
    SDKROOT = iphonesimulator26.5

ComputePackagePrebuildTargetDependencyGraph

Prepare packages

CreateBuildRequest

SendProjectDescription

CreateBuildOperation

ComputeTargetDependencyGraph
note: Building targets in dependency order
note: Target dependency graph (1 target)
    Target 'MindAnchor' in project 'MindAnchor' (no dependencies)

GatherProvisioningInputs

CreateBuildDescription

ExecuteExternalTool /Applications/Xcode.app/Contents/Developer/Toolchains/XcodeDefault.xctoolchain/usr/bin/clang -v -E -dM -isysroot /Applications/Xcode.app/Contents/Developer/Platforms/iPhoneSimulator.platform/Developer/SDKs/iPhoneSimulator26.5.sdk -x c -c /dev/null

ExecuteExternalTool /Applications/Xcode.app/Contents/Developer/Toolchains/XcodeDefault.xctoolchain/usr/bin/swiftc --version

ExecuteExternalTool /Applications/Xcode.app/Contents/Developer/Toolchains/XcodeDefault.xctoolchain/usr/bin/ld -version_details

Build description signature: e4fa909591fd1d3809d05eacc5512f33
Build description path: /Users/meikeisenbraun/PycharmProjects/iuAbgaben/ProjektApple2/MindAnchor/build/XCBuildData/e4fa909591fd1d3809d05eacc5512f33.xcbuilddata
ClangStatCache /Applications/Xcode.app/Contents/Developer/Toolchains/XcodeDefault.xctoolchain/usr/bin/clang-stat-cache /Applications/Xcode.app/Contents/Developer/Platforms/iPhoneSimulator.platform/Developer/SDKs/iPhoneSimulator26.5.sdk /var/folders/tw/b5rtz_3s77vfffj38m3vkxbw0000gn/C/com.apple.DeveloperTools/26.6-17F113/Xcode/SDKStatCaches.noindex/iphonesimulator26.5-23F81a-6cfe768891a92b912361537c460fe42b.sdkstatcache
    cd /Users/meikeisenbraun/PycharmProjects/iuAbgaben/ProjektApple2/MindAnchor/MindAnchor.xcodeproj
    /Applications/Xcode.app/Contents/Developer/Toolchains/XcodeDefault.xctoolchain/usr/bin/clang-stat-cache /Applications/Xcode.app/Contents/Developer/Platforms/iPhoneSimulator.platform/Developer/SDKs/iPhoneSimulator26.5.sdk -o /var/folders/tw/b5rtz_3s77vfffj38m3vkxbw0000gn/C/com.apple.DeveloperTools/26.6-17F113/Xcode/SDKStatCaches.noindex/iphonesimulator26.5-23F81a-6cfe768891a92b912361537c460fe42b.sdkstatcache

ProcessInfoPlistFile /Users/meikeisenbraun/PycharmProjects/iuAbgaben/ProjektApple2/MindAnchor/build/Debug-iphonesimulator/MindAnchor.app/Info.plist /Users/meikeisenbraun/PycharmProjects/iuAbgaben/ProjektApple2/MindAnchor/build/MindAnchor.build/Debug-iphonesimulator/MindAnchor.build/empty-MindAnchor.plist (in target 'MindAnchor' from project 'MindAnchor')
    cd /Users/meikeisenbraun/PycharmProjects/iuAbgaben/ProjektApple2/MindAnchor
    builtin-infoPlistUtility /Users/meikeisenbraun/PycharmProjects/iuAbgaben/ProjektApple2/MindAnchor/build/MindAnchor.build/Debug-iphonesimulator/MindAnchor.build/empty-MindAnchor.plist -producttype com.apple.product-type.application -genpkginfo /Users/meikeisenbraun/PycharmProjects/iuAbgaben/ProjektApple2/MindAnchor/build/Debug-iphonesimulator/MindAnchor.app/PkgInfo -expandbuildsettings -format binary -platform iphonesimulator -o /Users/meikeisenbraun/PycharmProjects/iuAbgaben/ProjektApple2/MindAnchor/build/Debug-iphonesimulator/MindAnchor.app/Info.plist

CopySwiftLibs /Users/meikeisenbraun/PycharmProjects/iuAbgaben/ProjektApple2/MindAnchor/build/Debug-iphonesimulator/MindAnchor.app (in target 'MindAnchor' from project 'MindAnchor')
    cd /Users/meikeisenbraun/PycharmProjects/iuAbgaben/ProjektApple2/MindAnchor
    builtin-swiftStdLibTool --copy --verbose --sign - --scan-executable /Users/meikeisenbraun/PycharmProjects/iuAbgaben/ProjektApple2/MindAnchor/build/Debug-iphonesimulator/MindAnchor.app/MindAnchor --scan-folder /Users/meikeisenbraun/PycharmProjects/iuAbgaben/ProjektApple2/MindAnchor/build/Debug-iphonesimulator/MindAnchor.app/Frameworks --scan-folder /Users/meikeisenbraun/PycharmProjects/iuAbgaben/ProjektApple2/MindAnchor/build/Debug-iphonesimulator/MindAnchor.app/PlugIns --scan-folder /Users/meikeisenbraun/PycharmProjects/iuAbgaben/ProjektApple2/MindAnchor/build/Debug-iphonesimulator/MindAnchor.app/SystemExtensions --scan-folder /Users/meikeisenbraun/PycharmProjects/iuAbgaben/ProjektApple2/MindAnchor/build/Debug-iphonesimulator/MindAnchor.app/Extensions --platform iphonesimulator --toolchain /Applications/Xcode.app/Contents/Developer/Toolchains/XcodeDefault.xctoolchain --destination /Users/meikeisenbraun/PycharmProjects/iuAbgaben/ProjektApple2/MindAnchor/build/Debug-iphonesimulator/MindAnchor.app/Frameworks --strip-bitcode --strip-bitcode-tool /Applications/Xcode.app/Contents/Developer/Toolchains/XcodeDefault.xctoolchain/usr/bin/bitcode_strip --emit-dependency-info /Users/meikeisenbraun/PycharmProjects/iuAbgaben/ProjektApple2/MindAnchor/build/MindAnchor.build/Debug-iphonesimulator/MindAnchor.build/SwiftStdLibToolInputDependencies.dep --filter-for-swift-os --back-deploy-swift-span

CodeSign /Users/meikeisenbraun/PycharmProjects/iuAbgaben/ProjektApple2/MindAnchor/build/Debug-iphonesimulator/MindAnchor.app (in target 'MindAnchor' from project 'MindAnchor')
    cd /Users/meikeisenbraun/PycharmProjects/iuAbgaben/ProjektApple2/MindAnchor
    
    Signing Identity:     "Sign to Run Locally"
    
    /usr/bin/codesign --force --sign - --timestamp\=none --generate-entitlement-der /Users/meikeisenbraun/PycharmProjects/iuAbgaben/ProjektApple2/MindAnchor/build/Debug-iphonesimulator/MindAnchor.app
/Users/meikeisenbraun/PycharmProjects/iuAbgaben/ProjektApple2/MindAnchor/build/Debug-iphonesimulator/MindAnchor.app: replacing existing signature

Validate /Users/meikeisenbraun/PycharmProjects/iuAbgaben/ProjektApple2/MindAnchor/build/Debug-iphonesimulator/MindAnchor.app (in target 'MindAnchor' from project 'MindAnchor')
    cd /Users/meikeisenbraun/PycharmProjects/iuAbgaben/ProjektApple2/MindAnchor
    builtin-validationUtility /Users/meikeisenbraun/PycharmProjects/iuAbgaben/ProjektApple2/MindAnchor/build/Debug-iphonesimulator/MindAnchor.app -shallow-bundle -infoplist-subpath Info.plist

note: Removed stale file '/Users/meikeisenbraun/PycharmProjects/iuAbgaben/ProjektApple2/MindAnchor/build/Debug-iphonesimulator/MindAnchor.app/Frameworks'

note: Removed stale file '/Users/meikeisenbraun/PycharmProjects/iuAbgaben/ProjektApple2/MindAnchor/build/Debug-iphonesimulator/MindAnchor.app/PlugIns'

warning: ONLY_ACTIVE_ARCH=YES requested with multiple ARCHS and no active architecture could be computed; building for all applicable architectures (in target 'MindAnchor' from project 'MindAnchor')
** BUILD SUCCEEDED **

BUILD SUCCEEDED
